DOEBDL.out contains DOE-2.2 BDL output details
tutorial_wizard                                                                            6/04/2026    17:31:50  BDL  RUN 6
                                                                                                                        
REPORT- LV-K  WEIGHTING FACTOR SUMMARY
----------------------------------------------------------------------------------------------------------------------------------

SP NAME--   EL1 SW Perim Spc EL1 SW Perim Spc EL1 SSE Perim Sp EL1 East Perim S EL1 ENE Perim Sp EL1 North Perim  EL1 North Perim 
             (G.SW1)          (G.SW2)         c (G.SSE3)       pc (G.E4)        c (G.ENE5)       Spc (G.N6)       Spc (G.N7)      

SOLAR
-----
V0           0.30532          0.30368          0.30270          0.30666          0.30863          0.30938          0.30938
V1          -0.33766         -0.34478         -0.34715         -0.34744         -0.32672         -0.33854         -0.33854
V2           0.04209          0.05000          0.05326          0.04938          0.03097          0.03862          0.03862
W1           1.44321          1.44525          1.44469          1.44919          1.43562          1.45047          1.45047
W2          -0.45388         -0.45482         -0.45418         -0.45812         -0.45049         -0.46054         -0.46054

GENERAL
LIGHTING
--------
V0           0.42116          0.39653          0.38703          0.39957          0.46222          0.43726          0.43726
V1          -0.39905         -0.37779         -0.36911         -0.38047         -0.43212         -0.41349         -0.41349
V2           0.01854          0.02031          0.02090          0.01954          0.01542          0.01675          0.01675
W1           1.23080          1.21535          1.20649          1.22327          1.24903          1.24767          1.24767
W2          -0.27460         -0.25695         -0.24801         -0.26319         -0.29954         -0.29023         -0.29024

TASK
LIGHTING
--------
V0           0.42116          0.39653          0.38703          0.39957          0.46222          0.43726          0.43726
V1          -0.39905         -0.37779         -0.36911         -0.38047         -0.43212         -0.41349         -0.41349
V2           0.01854          0.02031          0.02090          0.01954          0.01542          0.01675          0.01675
W1           1.23080          1.21535          1.20649          1.22327          1.24903          1.24767          1.24767
W2          -0.27460         -0.25695         -0.24801         -0.26319         -0.29954         -0.29023         -0.29024

PEOPLE-
EQUIPMENT
---------
V0           0.42116          0.39653          0.38703          0.39957          0.46222          0.43726          0.43726
V1          -0.39905         -0.37779         -0.36911         -0.38047         -0.43212         -0.41349         -0.41349
V2           0.01854          0.02031          0.02090          0.01954          0.01542          0.01675          0.01675
W1           1.23080          1.21535          1.20649          1.22327          1.24903          1.24767          1.24767
W2          -0.27460         -0.25695         -0.24801         -0.26319         -0.29954         -0.29023         -0.29024

CONDUCTION
----------
V0           0.64597          0.63096          0.62517          0.63282          0.67101          0.65579          0.65578
V1          -0.72208         -0.70315         -0.69443         -0.70787         -0.74927         -0.73743         -0.73742
V2           0.11799          0.11224          0.10913          0.11419          0.12573          0.12295          0.12295
W1           1.23080          1.21535          1.20649          1.22327          1.24903          1.24767          1.24767
W2          -0.27460         -0.25695         -0.24801         -0.26319         -0.29954         -0.29023         -0.29024

AIR
TEMP     (BTU/HR-SQFT-F   )
----
G0*          1.00754          0.90559          0.86241          0.94997          1.27280          1.14314          1.14313
G1*         -1.54318         -1.35781         -1.28578         -1.42665         -2.05910         -1.78008         -1.78007
G2*          0.54279          0.45956          0.43078          0.48402          0.79302          0.64407          0.64407
G3*         -0.00715         -0.00734         -0.00742         -0.00733         -0.00672         -0.00713         -0.00713
P1          -1.30403         -1.31463         -1.31936         -1.31868         -1.29422         -1.30855         -1.30856
P2           0.33670          0.34425          0.34829          0.34713          0.33425          0.34080          0.34081tutorial_wizard                                                                            6/04/2026    17:31:50  BDL  RUN 6
                                                                                                                        
REPORT- LV-K  WEIGHTING FACTOR SUMMARY
---------------------------------------------------------------------------------------------------------------(CONTINUED)--------

SP NAME--   EL1 North Perim  EL1 North Perim  EL1 Core Spc (G. EL1 WNW Perim Sp EL1 Plnm (G.12)  EL2 SW Perim Spc EL2 SSE Perim Sp
            Spc (G.N8)       Spc (G.N9)       C10)             c (G.WNW11)                        (G.SW1)         c (G.SSE2)      

SOLAR
-----
V0           0.30713          0.30713          0.31591          0.30636          0.66603          0.28944          0.28845
V1          -0.34238         -0.34238         -0.34002         -0.34814         -0.62204         -0.27026         -0.27068
V2           0.04426          0.04426          0.03324          0.05035          0.07271          0.01918          0.02034
W1           1.44849          1.44849          1.46177          1.44889          1.11033          1.26011          1.25258
W2          -0.45801         -0.45801         -0.47118         -0.45780         -0.23034         -0.29947         -0.29173

GENERAL
LIGHTING
--------
V0           0.41580          0.41580          0.46512          0.39656          0.67116          0.38583          0.37589
V1          -0.39484         -0.39484         -0.43800         -0.37772         -0.53407         -0.35176         -0.34193
V2           0.01852          0.01852          0.01339          0.01974          0.03765          0.01368          0.01360
W1           1.23328          1.23328          1.27240          1.22063          0.96768          1.18255          1.17129
W2          -0.27459         -0.27459         -0.31378         -0.26051         -0.14790         -0.23147         -0.22009

TASK
LIGHTING
--------
V0           0.41580          0.41580          0.46512          0.39656          0.67116          0.38583          0.37589
V1          -0.39484         -0.39484         -0.43800         -0.37772         -0.53407         -0.35176         -0.34193
V2           0.01852          0.01852          0.01339          0.01974          0.03765          0.01368          0.01360
W1           1.23328          1.23328          1.27240          1.22063          0.96768          1.18255          1.17129
W2          -0.27459         -0.27459         -0.31378         -0.26051         -0.14790         -0.23147         -0.22009

PEOPLE-
EQUIPMENT
---------
V0           0.41580          0.41580          0.46512          0.39656          0.67116          0.38583          0.37589
V1          -0.39484         -0.39484         -0.43800         -0.37772         -0.53407         -0.35176         -0.34193
V2           0.01852          0.01852          0.01339          0.01974          0.03765          0.01368          0.01360
W1           1.23328          1.23328          1.27240          1.22063          0.96768          1.18255          1.17129
W2          -0.27459         -0.27459         -0.31378         -0.26051         -0.14790         -0.23147         -0.22009

CONDUCTION
----------
V0           0.64271          0.64270          0.67278          0.63098          0.79896          0.62441          0.61835
V1          -0.72049         -0.72049         -0.76194         -0.70517         -0.70258         -0.67449         -0.66413
V2           0.11798          0.11798          0.13001          0.11327          0.08050          0.09828          0.09382
W1           1.23328          1.23328          1.27240          1.22063          0.96768          1.18255          1.17129
W2          -0.27459         -0.27459         -0.31378         -0.26051         -0.14790         -0.23147         -0.22009

AIR
TEMP     (BTU/HR-SQFT-F   )
----
G0*          1.01538          1.01537          1.43665          0.93552          0.34127          0.98920          0.94566
G1*         -1.54553         -1.54553         -2.31111         -1.40211         -0.50840         -1.37550         -1.29680
G2*          0.53739          0.53739          0.88159          0.47393          0.17239          0.38895          0.35376
G3*         -0.00723         -0.00723         -0.00712         -0.00735         -0.00525         -0.00264         -0.00262
P1          -1.31147         -1.31147         -1.31755         -1.31979         -1.06607         -1.22069         -1.21393
P2           0.34184          0.34184          0.34957          0.34805          0.22424          0.26424          0.25717tutorial_wizard                                                                            6/04/2026    17:31:50  BDL  RUN 6
                                                                                                                        
REPORT- LV-K  WEIGHTING FACTOR SUMMARY
---------------------------------------------------------------------------------------------------------------(CONTINUED)--------

SP NAME--   EL2 East Perim S EL2 ENE Perim Sp EL2 North Perim  EL2 North Perim  EL2 North Perim  EL2 North Perim  EL2 WSW Perim Sp
            pc (G.E3)        c (G.ENE4)       Spc (G.N5)       Spc (G.N6)       Spc (G.N7)       Spc (G.N8)       c (G.WSW9)      

SOLAR
-----
V0           0.29155          0.29443          0.29469          0.29469          0.29223          0.29223          0.28996
V1          -0.27199         -0.26683         -0.26996         -0.26996         -0.27039         -0.27039         -0.27186
V2           0.01907          0.01224          0.01483          0.01483          0.01712          0.01712          0.02019
W1           1.26378          1.29938          1.28785          1.28785          1.27408          1.27408          1.25567
W2          -0.30283         -0.34144         -0.32832         -0.32833         -0.31380         -0.31380         -0.29461

GENERAL
LIGHTING
--------
V0           0.38772          0.45456          0.42768          0.42767          0.40493          0.40493          0.37772
V1          -0.35301         -0.41808         -0.39145         -0.39145         -0.36995         -0.36995         -0.34337
V2           0.01326          0.01271          0.01258          0.01258          0.01325          0.01325          0.01337
W1           1.18778          1.23708          1.22169          1.22169          1.20266          1.20266          1.17583
W2          -0.23624         -0.28885         -0.27156         -0.27157         -0.25179         -0.25179         -0.22430

TASK
LIGHTING
--------
V0           0.38772          0.45456          0.42768          0.42767          0.40493          0.40493          0.37772
V1          -0.35301         -0.41808         -0.39145         -0.39145         -0.36995         -0.36995         -0.34337
V2           0.01326          0.01271          0.01258          0.01258          0.01325          0.01325          0.01337
W1           1.18778          1.23708          1.22169          1.22169          1.20266          1.20266          1.17583
W2          -0.23624         -0.28885         -0.27156         -0.27157         -0.25179         -0.25179         -0.22430

PEOPLE-
EQUIPMENT
---------
V0           0.38772          0.45456          0.42768          0.42767          0.40493          0.40493          0.37772
V1          -0.35301         -0.41808         -0.39145         -0.39145         -0.36995         -0.36995         -0.34337
V2           0.01326          0.01271          0.01258          0.01258          0.01325          0.01325          0.01337
W1           1.18778          1.23708          1.22169          1.22169          1.20266          1.20266          1.17583
W2          -0.23624         -0.28885         -0.27156         -0.27157         -0.25179         -0.25179         -0.22430

CONDUCTION
----------
V0           0.62557          0.66632          0.64993          0.64992          0.63606          0.63606          0.61947
V1          -0.67729         -0.73604         -0.71386         -0.71385         -0.69337         -0.69337         -0.66678
V2           0.09988          0.11992          0.11315          0.11315          0.10590          0.10590          0.09532
W1           1.18778          1.23708          1.22169          1.22169          1.20266          1.20266          1.17583
W2          -0.23624         -0.28885         -0.27156         -0.27157         -0.25179         -0.25179         -0.22430

AIR
TEMP     (BTU/HR-SQFT-F   )
----
G0*          1.00821          1.44793          1.22858          1.22857          1.08827          1.08827          0.96060
G1*         -1.40788         -2.22812         -1.81352         -1.81352         -1.55503         -1.55503         -1.32242
G2*          0.40231          0.78300          0.58768          0.58767          0.46944          0.46945          0.36444
G3*         -0.00265         -0.00282         -0.00273         -0.00273         -0.00268         -0.00268         -0.00262
P1          -1.22504         -1.25627         -1.24650         -1.24650         -1.23378         -1.23378         -1.21749
P2           0.26821          0.30346          0.29161          0.29161          0.27787          0.27787          0.26046tutorial_wizard                                                                            6/04/2026    17:31:50  BDL  RUN 6
                                                                                                                        
REPORT- LV-K  WEIGHTING FACTOR SUMMARY
---------------------------------------------------------------------------------------------------------------(CONTINUED)--------

SP NAME--   EL2 Core Spc (G. EL2 Plnm (G.11) 
            C10)                             

SOLAR
-----
V0           0.30133          0.66603
V1          -0.27298         -0.62204
V2           0.01233          0.07271
W1           1.30738          1.11033
W2          -0.34840         -0.23034

GENERAL
LIGHTING
--------
V0           0.45709          0.67116
V1          -0.41739         -0.53407
V2           0.01023          0.03765
W1           1.24718          0.96768
W2          -0.29749         -0.14790

TASK
LIGHTING
--------
V0           0.45709          0.67116
V1          -0.41739         -0.53407
V2           0.01023          0.03765
W1           1.24718          0.96768
W2          -0.29749         -0.14790

PEOPLE-
EQUIPMENT
---------
V0           0.45709          0.67116
V1          -0.41739         -0.53407
V2           0.01023          0.03765
W1           1.24718          0.96768
W2          -0.29749         -0.14790

CONDUCTION
----------
V0           0.66787          0.79896
V1          -0.73954         -0.70258
V2           0.12175          0.08050
W1           1.24718          0.96768
W2          -0.29749         -0.14790

AIR
TEMP     (BTU/HR-SQFT-F   )
----
G0*          1.49981          0.34127
G1*         -2.31397         -0.50840
G2*          0.81693          0.17239
G3*         -0.00277         -0.00525
P1          -1.26602         -1.06607
P2           0.31189          0.22424
-CAUTION--------------------------------------------------------------------------------------NO HEATING EQUIPMENT HAS BEEN DEFINED   
-CAUTION--------------------------------------------------------------------------------------NO COOLING EQUIPMENT HAS BEEN DEFINED   
tutorial_wizard                                                                            6/04/2026    17:34:37  BDL  RUN 6
                                                                                                                        
REPORT- LV-K  WEIGHTING FACTOR SUMMARY
----------------------------------------------------------------------------------------------------------------------------------

SP NAME--   EL1 SW Perim Spc EL1 SW Perim Spc EL1 SSE Perim Sp EL1 East Perim S EL1 ENE Perim Sp EL1 North Perim  EL1 North Perim 
             (G.SW1)          (G.SW2)         c (G.SSE3)       pc (G.E4)        c (G.ENE5)       Spc (G.N6)       Spc (G.N7)      

SOLAR
-----
V0           0.30532          0.30368          0.30270          0.30666          0.30863          0.30938          0.30938
V1          -0.33766         -0.34478         -0.34715         -0.34744         -0.32672         -0.33854         -0.33854
V2           0.04209          0.05000          0.05326          0.04938          0.03097          0.03862          0.03862
W1           1.44321          1.44525          1.44469          1.44919          1.43562          1.45047          1.45047
W2          -0.45388         -0.45482         -0.45418         -0.45812         -0.45049         -0.46054         -0.46054

GENERAL
LIGHTING
--------
V0           0.42116          0.39653          0.38703          0.39957          0.46222          0.43726          0.43726
V1          -0.39905         -0.37779         -0.36911         -0.38047         -0.43212         -0.41349         -0.41349
V2           0.01854          0.02031          0.02090          0.01954          0.01542          0.01675          0.01675
W1           1.23080          1.21535          1.20649          1.22327          1.24903          1.24767          1.24767
W2          -0.27460         -0.25695         -0.24801         -0.26319         -0.29954         -0.29023         -0.29024

TASK
LIGHTING
--------
V0           0.42116          0.39653          0.38703          0.39957          0.46222          0.43726          0.43726
V1          -0.39905         -0.37779         -0.36911         -0.38047         -0.43212         -0.41349         -0.41349
V2           0.01854          0.02031          0.02090          0.01954          0.01542          0.01675          0.01675
W1           1.23080          1.21535          1.20649          1.22327          1.24903          1.24767          1.24767
W2          -0.27460         -0.25695         -0.24801         -0.26319         -0.29954         -0.29023         -0.29024

PEOPLE-
EQUIPMENT
---------
V0           0.42116          0.39653          0.38703          0.39957          0.46222          0.43726          0.43726
V1          -0.39905         -0.37779         -0.36911         -0.38047         -0.43212         -0.41349         -0.41349
V2           0.01854          0.02031          0.02090          0.01954          0.01542          0.01675          0.01675
W1           1.23080          1.21535          1.20649          1.22327          1.24903          1.24767          1.24767
W2          -0.27460         -0.25695         -0.24801         -0.26319         -0.29954         -0.29023         -0.29024

CONDUCTION
----------
V0           0.64597          0.63096          0.62517          0.63282          0.67101          0.65579          0.65578
V1          -0.72208         -0.70315         -0.69443         -0.70787         -0.74927         -0.73743         -0.73742
V2           0.11799          0.11224          0.10913          0.11419          0.12573          0.12295          0.12295
W1           1.23080          1.21535          1.20649          1.22327          1.24903          1.24767          1.24767
W2          -0.27460         -0.25695         -0.24801         -0.26319         -0.29954         -0.29023         -0.29024

AIR
TEMP     (BTU/HR-SQFT-F   )
----
G0*          1.00754          0.90559          0.86241          0.94997          1.27280          1.14314          1.14313
G1*         -1.54318         -1.35781         -1.28578         -1.42665         -2.05910         -1.78008         -1.78007
G2*          0.54279          0.45956          0.43078          0.48402          0.79302          0.64407          0.64407
G3*         -0.00715         -0.00734         -0.00742         -0.00733         -0.00672         -0.00713         -0.00713
P1          -1.30403         -1.31463         -1.31936         -1.31868         -1.29422         -1.30855         -1.30856
P2           0.33670          0.34425          0.34829          0.34713          0.33425          0.34080          0.34081tutorial_wizard                                                                            6/04/2026    17:34:37  BDL  RUN 6
                                                                                                                        
REPORT- LV-K  WEIGHTING FACTOR SUMMARY
---------------------------------------------------------------------------------------------------------------(CONTINUED)--------

SP NAME--   EL1 North Perim  EL1 North Perim  EL1 Core Spc (G. EL1 WNW Perim Sp EL1 Plnm (G.12)  EL2 SW Perim Spc EL2 SSE Perim Sp
            Spc (G.N8)       Spc (G.N9)       C10)             c (G.WNW11)                        (G.SW1)         c (G.SSE2)      

SOLAR
-----
V0           0.30713          0.30713          0.31591          0.30636          0.66603          0.28944          0.28845
V1          -0.34238         -0.34238         -0.34002         -0.34814         -0.62204         -0.27026         -0.27068
V2           0.04426          0.04426          0.03324          0.05035          0.07271          0.01918          0.02034
W1           1.44849          1.44849          1.46177          1.44889          1.11033          1.26011          1.25258
W2          -0.45801         -0.45801         -0.47118         -0.45780         -0.23034         -0.29947         -0.29173

GENERAL
LIGHTING
--------
V0           0.41580          0.41580          0.46512          0.39656          0.67116          0.38583          0.37589
V1          -0.39484         -0.39484         -0.43800         -0.37772         -0.53407         -0.35176         -0.34193
V2           0.01852          0.01852          0.01339          0.01974          0.03765          0.01368          0.01360
W1           1.23328          1.23328          1.27240          1.22063          0.96768          1.18255          1.17129
W2          -0.27459         -0.27459         -0.31378         -0.26051         -0.14790         -0.23147         -0.22009

TASK
LIGHTING
--------
V0           0.41580          0.41580          0.46512          0.39656          0.67116          0.38583          0.37589
V1          -0.39484         -0.39484         -0.43800         -0.37772         -0.53407         -0.35176         -0.34193
V2           0.01852          0.01852          0.01339          0.01974          0.03765          0.01368          0.01360
W1           1.23328          1.23328          1.27240          1.22063          0.96768          1.18255          1.17129
W2          -0.27459         -0.27459         -0.31378         -0.26051         -0.14790         -0.23147         -0.22009

PEOPLE-
EQUIPMENT
---------
V0           0.41580          0.41580          0.46512          0.39656          0.67116          0.38583          0.37589
V1          -0.39484         -0.39484         -0.43800         -0.37772         -0.53407         -0.35176         -0.34193
V2           0.01852          0.01852          0.01339          0.01974          0.03765          0.01368          0.01360
W1           1.23328          1.23328          1.27240          1.22063          0.96768          1.18255          1.17129
W2          -0.27459         -0.27459         -0.31378         -0.26051         -0.14790         -0.23147         -0.22009

CONDUCTION
----------
V0           0.64271          0.64270          0.67278          0.63098          0.79896          0.62441          0.61835
V1          -0.72049         -0.72049         -0.76194         -0.70517         -0.70258         -0.67449         -0.66413
V2           0.11798          0.11798          0.13001          0.11327          0.08050          0.09828          0.09382
W1           1.23328          1.23328          1.27240          1.22063          0.96768          1.18255          1.17129
W2          -0.27459         -0.27459         -0.31378         -0.26051         -0.14790         -0.23147         -0.22009

AIR
TEMP     (BTU/HR-SQFT-F   )
----
G0*          1.01538          1.01537          1.43665          0.93552          0.34127          0.98920          0.94566
G1*         -1.54553         -1.54553         -2.31111         -1.40211         -0.50840         -1.37550         -1.29680
G2*          0.53739          0.53739          0.88159          0.47393          0.17239          0.38895          0.35376
G3*         -0.00723         -0.00723         -0.00712         -0.00735         -0.00525         -0.00264         -0.00262
P1          -1.31147         -1.31147         -1.31755         -1.31979         -1.06607         -1.22069         -1.21393
P2           0.34184          0.34184          0.34957          0.34805          0.22424          0.26424          0.25717tutorial_wizard                                                                            6/04/2026    17:34:37  BDL  RUN 6
                                                                                                                        
REPORT- LV-K  WEIGHTING FACTOR SUMMARY
---------------------------------------------------------------------------------------------------------------(CONTINUED)--------

SP NAME--   EL2 East Perim S EL2 ENE Perim Sp EL2 North Perim  EL2 North Perim  EL2 North Perim  EL2 North Perim  EL2 WSW Perim Sp
            pc (G.E3)        c (G.ENE4)       Spc (G.N5)       Spc (G.N6)       Spc (G.N7)       Spc (G.N8)       c (G.WSW9)      

SOLAR
-----
V0           0.29155          0.29443          0.29469          0.29469          0.29223          0.29223          0.28996
V1          -0.27199         -0.26683         -0.26996         -0.26996         -0.27039         -0.27039         -0.27186
V2           0.01907          0.01224          0.01483          0.01483          0.01712          0.01712          0.02019
W1           1.26378          1.29938          1.28785          1.28785          1.27408          1.27408          1.25567
W2          -0.30283         -0.34144         -0.32832         -0.32833         -0.31380         -0.31380         -0.29461

GENERAL
LIGHTING
--------
V0           0.38772          0.45456          0.42768          0.42767          0.40493          0.40493          0.37772
V1          -0.35301         -0.41808         -0.39145         -0.39145         -0.36995         -0.36995         -0.34337
V2           0.01326          0.01271          0.01258          0.01258          0.01325          0.01325          0.01337
W1           1.18778          1.23708          1.22169          1.22169          1.20266          1.20266          1.17583
W2          -0.23624         -0.28885         -0.27156         -0.27157         -0.25179         -0.25179         -0.22430

TASK
LIGHTING
--------
V0           0.38772          0.45456          0.42768          0.42767          0.40493          0.40493          0.37772
V1          -0.35301         -0.41808         -0.39145         -0.39145         -0.36995         -0.36995         -0.34337
V2           0.01326          0.01271          0.01258          0.01258          0.01325          0.01325          0.01337
W1           1.18778          1.23708          1.22169          1.22169          1.20266          1.20266          1.17583
W2          -0.23624         -0.28885         -0.27156         -0.27157         -0.25179         -0.25179         -0.22430

PEOPLE-
EQUIPMENT
---------
V0           0.38772          0.45456          0.42768          0.42767          0.40493          0.40493          0.37772
V1          -0.35301         -0.41808         -0.39145         -0.39145         -0.36995         -0.36995         -0.34337
V2           0.01326          0.01271          0.01258          0.01258          0.01325          0.01325          0.01337
W1           1.18778          1.23708          1.22169          1.22169          1.20266          1.20266          1.17583
W2          -0.23624         -0.28885         -0.27156         -0.27157         -0.25179         -0.25179         -0.22430

CONDUCTION
----------
V0           0.62557          0.66632          0.64993          0.64992          0.63606          0.63606          0.61947
V1          -0.67729         -0.73604         -0.71386         -0.71385         -0.69337         -0.69337         -0.66678
V2           0.09988          0.11992          0.11315          0.11315          0.10590          0.10590          0.09532
W1           1.18778          1.23708          1.22169          1.22169          1.20266          1.20266          1.17583
W2          -0.23624         -0.28885         -0.27156         -0.27157         -0.25179         -0.25179         -0.22430

AIR
TEMP     (BTU/HR-SQFT-F   )
----
G0*          1.00821          1.44793          1.22858          1.22857          1.08827          1.08827          0.96060
G1*         -1.40788         -2.22812         -1.81352         -1.81352         -1.55503         -1.55503         -1.32242
G2*          0.40231          0.78300          0.58768          0.58767          0.46944          0.46945          0.36444
G3*         -0.00265         -0.00282         -0.00273         -0.00273         -0.00268         -0.00268         -0.00262
P1          -1.22504         -1.25627         -1.24650         -1.24650         -1.23378         -1.23378         -1.21749
P2           0.26821          0.30346          0.29161          0.29161          0.27787          0.27787          0.26046tutorial_wizard                                                                            6/04/2026    17:34:37  BDL  RUN 6
                                                                                                                        
REPORT- LV-K  WEIGHTING FACTOR SUMMARY
---------------------------------------------------------------------------------------------------------------(CONTINUED)--------

SP NAME--   EL2 Core Spc (G. EL2 Plnm (G.11) 
            C10)                             

SOLAR
-----
V0           0.30133          0.66603
V1          -0.27298         -0.62204
V2           0.01233          0.07271
W1           1.30738          1.11033
W2          -0.34840         -0.23034

GENERAL
LIGHTING
--------
V0           0.45709          0.67116
V1          -0.41739         -0.53407
V2           0.01023          0.03765
W1           1.24718          0.96768
W2          -0.29749         -0.14790

TASK
LIGHTING
--------
V0           0.45709          0.67116
V1          -0.41739         -0.53407
V2           0.01023          0.03765
W1           1.24718          0.96768
W2          -0.29749         -0.14790

PEOPLE-
EQUIPMENT
---------
V0           0.45709          0.67116
V1          -0.41739         -0.53407
V2           0.01023          0.03765
W1           1.24718          0.96768
W2          -0.29749         -0.14790

CONDUCTION
----------
V0           0.66787          0.79896
V1          -0.73954         -0.70258
V2           0.12175          0.08050
W1           1.24718          0.96768
W2          -0.29749         -0.14790

AIR
TEMP     (BTU/HR-SQFT-F   )
----
G0*          1.49981          0.34127
G1*         -2.31397         -0.50840
G2*          0.81693          0.17239
G3*         -0.00277         -0.00525
P1          -1.26602         -1.06607
P2           0.31189          0.22424
-CAUTION--------------------------------------------------------------------------------------NO HEATING EQUIPMENT HAS BEEN DEFINED   
-CAUTION--------------------------------------------------------------------------------------NO COOLING EQUIPMENT HAS BEEN DEFINED   
