Line     2:  Diagnostic
Line     4:  Title
Line     8:  Run Period:  Entire Year
Line    17:  Holidays:  Standard US Holidays
Line    21:  Compliance Data:  Compliance Data
Line    31:  Site Parameters:  Site Data
Line    39:  Building Parameters:  Building Data
Line    43:  Baseline:  Baseline Data
Line    50:  Glass Type:  EL1 Window Type #1 GT
Line    68:  Material:  EL1 EWall Cons Mat 2 (11.7)
Line    73:  Layers:  EL1 EWall Cons Layers
Line    78:  Construction:  EL1 EWall Construction
Line    85:  Material:  EL1 Roof Cons Mat 4 (2.8)
Line    90:  Layers:  EL1 Roof Cons Layers
Line    95:  Construction:  EL1 Roof Construction
Line   102:  Layers:  EL1 Ceilg Cons Layers
Line   106:  Construction:  EL1 Ceilg Construction
Line   111:  Material:  EL1 IWall Cons Mat 2 (4.5)
Line   116:  Layers:  EL1 IWall Cons Layers
Line   121:  Construction:  EL1 IWall Construction
Line   126:  Layers:  EL1 IFlr Cons Layers
Line   130:  Construction:  EL1 IFlr Construction
Line   135:  Construction:  EL1 IFlSP Construction
Line   144:  Layers:  EL2 IFlr Cons Layers
Line   148:  Construction:  EL2 IFlr Construction
Line   153:  Material:  EL2 UFlr Cons Mat 1 (10.47)
Line   158:  Layers:  EL2 GFlr Cons Layers
Line   163:  Construction:  EL2 GFlr Construction
Line   168:  Construction:  EL2 IFlSP Construction
Line   173:  Construction:  EL2 GFlSP Construction
Line   182:  Polygon:  EL1 Floor Polygon
Line   193:  Polygon:  EL1 Space Polygon 1
Line   200:  Polygon:  EL1 Space Polygon 2
Line   207:  Polygon:  EL1 Space Polygon 3
Line   215:  Polygon:  EL1 Space Polygon 4
Line   222:  Polygon:  EL1 Space Polygon 5
Line   229:  Polygon:  EL1 Space Polygon 6
Line   236:  Polygon:  EL1 Space Polygon 7
Line   243:  Polygon:  EL1 Space Polygon 8
Line   250:  Polygon:  EL1 Space Polygon 9
Line   257:  Polygon:  EL1 Space Polygon 10
Line   266:  Polygon:  EL1 Space Polygon 11
Line   284:  Polygon:  EL2 Floor Polygon
Line   295:  Polygon:  EL2 Space Polygon 1
Line   302:  Polygon:  EL2 Space Polygon 2
Line   310:  Polygon:  EL2 Space Polygon 3
Line   317:  Polygon:  EL2 Space Polygon 4
Line   324:  Polygon:  EL2 Space Polygon 5
Line   331:  Polygon:  EL2 Space Polygon 6
Line   338:  Polygon:  EL2 Space Polygon 7
Line   345:  Polygon:  EL2 Space Polygon 8
Line   352:  Polygon:  EL2 Space Polygon 9
Line   364:  Polygon:  EL2 Space Polygon 10
Line   378:  Day Schedule:  EL1 Bldg Occup S1 All
Line   385:  Week Schedule:  EL1 Bldg Occup S1 Wk
Line   391:  Day Schedule:  EL1 Bldg Occup S2 WD
Line   398:  Day Schedule:  EL1 Bldg Occup S2 HDD
Line   404:  Week Schedule:  EL1 Bldg Occup S2 Wk
Line   411:  Annual Schedule:  EL1 Bldg Occup Sch
Line   422:  Day Schedule:  EL1 Bldg InsLt S1 All
Line   429:  Week Schedule:  EL1 Bldg InsLt S1 Wk
Line   435:  Day Schedule:  EL1 Bldg InsLt S2 WD
Line   442:  Day Schedule:  EL1 Bldg InsLt S2 HDD
Line   448:  Week Schedule:  EL1 Bldg InsLt S2 Wk
Line   455:  Annual Schedule:  EL1 Bldg InsLt Sch
Line   466:  Day Schedule:  EL1 Bldg OffEq S1 All
Line   472:  Week Schedule:  EL1 Bldg OffEq S1 Wk
Line   478:  Day Schedule:  EL1 Bldg OffEq S2 WD
Line   485:  Day Schedule:  EL1 Bldg OffEq S2 HDD
Line   491:  Week Schedule:  EL1 Bldg OffEq S2 Wk
Line   498:  Annual Schedule:  EL1 Bldg OffEq Sch
Line   509:  Day Schedule:  EL1 Bldg SCRfg S1 All
Line   517:  Week Schedule:  EL1 Bldg SCRfg S1 Wk
Line   523:  Day Schedule:  EL1 Bldg SCRfg S2 WD
Line   530:  Day Schedule:  EL1 Bldg SCRfg S2 HDD
Line   536:  Week Schedule:  EL1 Bldg SCRfg S2 Wk
Line   543:  Annual Schedule:  EL1 Bldg SCRfg Sch
Line   554:  Day Schedule:  EL1 Bldg Cook S1 All
Line   561:  Week Schedule:  EL1 Bldg Cook S1 Wk
Line   567:  Day Schedule:  EL1 Bldg Cook S2 WD
Line   575:  Day Schedule:  EL1 Bldg Cook S2 HDD
Line   581:  Week Schedule:  EL1 Bldg Cook S2 Wk
Line   588:  Annual Schedule:  EL1 Bldg Cook Sch
Line   599:  Day Schedule:  EL1 Bldg Misc S1 All
Line   606:  Week Schedule:  EL1 Bldg Misc S1 Wk
Line   612:  Day Schedule:  EL1 Bldg Misc S2 WD
Line   619:  Day Schedule:  EL1 Bldg Misc S2 HDD
Line   625:  Week Schedule:  EL1 Bldg Misc S2 Wk
Line   632:  Annual Schedule:  EL1 Bldg Misc Sch
Line   647:  Day Schedule:  DHW Eqp NRes W1 All
Line   653:  Week Schedule:  DHW Eqp NRes Wk1
Line   659:  Day Schedule:  DHW Eqp NRes W2 WD
Line   666:  Day Schedule:  DHW Eqp NRes W2 HDD
Line   672:  Week Schedule:  DHW Eqp NRes Wk2
Line   679:  Annual Schedule:  DHW Eqp NRes Sch
Line   694:  Day Schedule:  ZG0-S1 (PSZ) P-Inf S1 All
Line   700:  Week Schedule:  ZG0-S1 (PSZ) P-Inf S1 Wk
Line   706:  Day Schedule:  ZG0-S1 (PSZ) P-Inf S2 WD
Line   713:  Day Schedule:  ZG0-S1 (PSZ) P-Inf S2 HDD
Line   719:  Week Schedule:  ZG0-S1 (PSZ) P-Inf S2 Wk
Line   726:  Annual Schedule:  ZG0-S1 (PSZ) P-Inf Sch
Line   741:  Day Schedule:  ZG0-S1 (PSZ) C-Inf S1 All
Line   747:  Week Schedule:  ZG0-S1 (PSZ) C-Inf S1 Wk
Line   753:  Day Schedule:  ZG0-S1 (PSZ) C-Inf S2 WD
Line   759:  Week Schedule:  ZG0-S1 (PSZ) C-Inf S2 Wk
Line   765:  Annual Schedule:  ZG0-S1 (PSZ) C-Inf Sch
Line   780:  Day Schedule:  S1 Sys1 (PSZ) Fan S1 All
Line   786:  Week Schedule:  S1 Sys1 (PSZ) Fan S1 Wk
Line   792:  Day Schedule:  S1 Sys1 (PSZ) Fan S2 WD
Line   798:  Week Schedule:  S1 Sys1 (PSZ) Fan S2 Wk
Line   804:  Annual Schedule:  S1 Sys1 (PSZ) Fan Sch
Line   815:  Day Schedule:  S1 Sys1 (PSZ) Cool S1 All
Line   821:  Week Schedule:  S1 Sys1 (PSZ) Cool S1 Wk
Line   827:  Day Schedule:  S1 Sys1 (PSZ) Cool S2 WD
Line   833:  Week Schedule:  S1 Sys1 (PSZ) Cool S2 Wk
Line   839:  Annual Schedule:  S1 Sys1 (PSZ) Cool Sch
Line   854:  Day Schedule:  S1 Sys1 (PSZ) Heat S1 All
Line   860:  Week Schedule:  S1 Sys1 (PSZ) Heat S1 Wk
Line   866:  Day Schedule:  S1 Sys1 (PSZ) Heat S2 WD
Line   872:  Week Schedule:  S1 Sys1 (PSZ) Heat S2 Wk
Line   878:  Annual Schedule:  S1 Sys1 (PSZ) Heat Sch
Line   897:  Floor:  EL1 Ground Flr
Line   914:  Space:  EL1 SW Perim Spc (G.SW1)
Line   943:  Material:  EL1 UFMat (G.SW1.U2.M1)
Line   948:  Layers:  EL1 UFLyrs (G.SW1.U2)
Line   953:  Construction:  EL1 UFCons (G.SW1.U2)
Line   958:  Underground Wall:  EL1 Flr (G.SW1.U1)
Line   963:  Exterior Wall:  EL1 South Wall (G.SW1.E1)
Line   969:  Window:  EL1 South Win (G.SW1.E1.W1)
Line   983:  Exterior Wall:  EL1 West Wall (G.SW1.E2)
Line   989:  Window:  EL1 West Win (G.SW1.E2.W1)
Line  1003:  Interior Wall:  EL1 Ceiling (G.SW1.I1)
Line  1016:  Space:  EL1 SW Perim Spc (G.SW2)
Line  1045:  Material:  EL1 UFMat (G.SW2.U3.M1)
Line  1050:  Layers:  EL1 UFLyrs (G.SW2.U3)
Line  1055:  Construction:  EL1 UFCons (G.SW2.U3)
Line  1060:  Underground Wall:  EL1 Flr (G.SW2.U2)
Line  1065:  Exterior Wall:  EL1 West Wall (G.SW2.E3)
Line  1071:  Window:  EL1 West Win (G.SW2.E3.W1)
Line  1085:  Window:  EL1 West Win (G.SW2.E3.W2)
Line  1099:  Door:  EL1 West Door (G.SW2.E3.D1)
Line  1106:  Exterior Wall:  EL1 South Wall (G.SW2.E4)
Line  1112:  Window:  EL1 South Win (G.SW2.E4.W1)
Line  1126:  Interior Wall:  EL1 North Wall (G.SW2.I2)
Line  1132:  Interior Wall:  EL1 Ceiling (G.SW2.I3)
Line  1145:  Space:  EL1 SSE Perim Spc (G.SSE3)
Line  1174:  Underground Wall:  EL1 Flr (G.SSE3.U3)
Line  1179:  Exterior Wall:  EL1 East Wall (G.SSE3.E5)
Line  1185:  Window:  EL1 East Win (G.SSE3.E5.W1)
Line  1199:  Window:  EL1 East Win (G.SSE3.E5.W2)
Line  1213:  Door:  EL1 East Door (G.SSE3.E5.D1)
Line  1220:  Exterior Wall:  EL1 North Wall (G.SSE3.E6)
Line  1226:  Window:  EL1 North Win (G.SSE3.E6.W1)
Line  1240:  Interior Wall:  EL1 West Wall (G.SSE3.I4)
Line  1246:  Exterior Wall:  EL1 South Wall (G.SSE3.E7)
Line  1252:  Window:  EL1 South Win (G.SSE3.E7.W1)
Line  1266:  Window:  EL1 South Win (G.SSE3.E7.W2)
Line  1280:  Door:  EL1 South Door (G.SSE3.E7.D1)
Line  1287:  Interior Wall:  EL1 Ceiling (G.SSE3.I5)
Line  1300:  Space:  EL1 East Perim Spc (G.E4)
Line  1329:  Material:  EL1 UFMat (G.E4.U5.M1)
Line  1334:  Layers:  EL1 UFLyrs (G.E4.U5)
Line  1339:  Construction:  EL1 UFCons (G.E4.U5)
Line  1344:  Underground Wall:  EL1 Flr (G.E4.U4)
Line  1349:  Exterior Wall:  EL1 East Wall (G.E4.E8)
Line  1355:  Window:  EL1 East Win (G.E4.E8.W1)
Line  1369:  Interior Wall:  EL1 North Wall (G.E4.I6)
Line  1375:  Interior Wall:  EL1 South Wall (G.E4.I7)
Line  1381:  Interior Wall:  EL1 Ceiling (G.E4.I8)
Line  1394:  Space:  EL1 ENE Perim Spc (G.ENE5)
Line  1423:  Material:  EL1 UFMat (G.ENE5.U6.M1)
Line  1428:  Layers:  EL1 UFLyrs (G.ENE5.U6)
Line  1433:  Construction:  EL1 UFCons (G.ENE5.U6)
Line  1438:  Underground Wall:  EL1 Flr (G.ENE5.U5)
Line  1443:  Exterior Wall:  EL1 North Wall (G.ENE5.E9)
Line  1449:  Window:  EL1 North Win (G.ENE5.E9.W1)
Line  1463:  Interior Wall:  EL1 West Wall (G.ENE5.I9)
Line  1469:  Interior Wall:  EL1 South Wall (G.ENE5.I10)
Line  1475:  Exterior Wall:  EL1 East Wall (G.ENE5.E10)
Line  1481:  Window:  EL1 East Win (G.ENE5.E10.W1)
Line  1495:  Interior Wall:  EL1 Ceiling (G.ENE5.I11)
Line  1508:  Space:  EL1 North Perim Spc (G.N6)
Line  1539:  Material:  EL1 UFMat (G.N6.U7.M1)
Line  1544:  Layers:  EL1 UFLyrs (G.N6.U7)
Line  1549:  Construction:  EL1 UFCons (G.N6.U7)
Line  1554:  Underground Wall:  EL1 Flr (G.N6.U6)
Line  1559:  Exterior Wall:  EL1 North Wall (G.N6.E11)
Line  1565:  Window:  EL1 North Win (G.N6.E11.W1)
Line  1579:  Interior Wall:  EL1 West Wall (G.N6.I12)
Line  1585:  Interior Wall:  EL1 South Wall (G.N6.I13)
Line  1591:  Interior Wall:  EL1 Ceiling (G.N6.I14)
Line  1604:  Space:  EL1 North Perim Spc (G.N7)
Line  1635:  Underground Wall:  EL1 Flr (G.N7.U7)
Line  1640:  Interior Wall:  EL1 South Wall (G.N7.I15)
Line  1646:  Exterior Wall:  EL1 North Wall (G.N7.E12)
Line  1652:  Window:  EL1 North Win (G.N7.E12.W1)
Line  1666:  Interior Wall:  EL1 Ceiling (G.N7.I16)
Line  1679:  Space:  EL1 North Perim Spc (G.N8)
Line  1710:  Material:  EL1 UFMat (G.N8.U9.M1)
Line  1715:  Layers:  EL1 UFLyrs (G.N8.U9)
Line  1720:  Construction:  EL1 UFCons (G.N8.U9)
Line  1725:  Underground Wall:  EL1 Flr (G.N8.U8)
Line  1730:  Exterior Wall:  EL1 North Wall (G.N8.E13)
Line  1736:  Window:  EL1 North Win (G.N8.E13.W1)
Line  1750:  Interior Wall:  EL1 West Wall (G.N8.I17)
Line  1756:  Interior Wall:  EL1 South Wall (G.N8.I18)
Line  1762:  Interior Wall:  EL1 Ceiling (G.N8.I19)
Line  1775:  Space:  EL1 North Perim Spc (G.N9)
Line  1806:  Underground Wall:  EL1 Flr (G.N9.U9)
Line  1811:  Exterior Wall:  EL1 North Wall (G.N9.E14)
Line  1817:  Window:  EL1 North Win (G.N9.E14.W1)
Line  1831:  Interior Wall:  EL1 South Wall (G.N9.I20)
Line  1837:  Interior Wall:  EL1 Ceiling (G.N9.I21)
Line  1850:  Space:  EL1 Core Spc (G.C10)
Line  1877:  Material:  EL1 UFMat (G.C10.U11.M1)
Line  1882:  Layers:  EL1 UFLyrs (G.C10.U11)
Line  1887:  Construction:  EL1 UFCons (G.C10.U11)
Line  1892:  Underground Wall:  EL1 Flr (G.C10.U10)
Line  1897:  Interior Wall:  EL1 West Wall (G.C10.I22)
Line  1903:  Exterior Wall:  EL1 East Wall (G.C10.E15)
Line  1909:  Window:  EL1 East Win (G.C10.E15.W1)
Line  1923:  Interior Wall:  EL1 East Wall (G.C10.I23)
Line  1929:  Exterior Wall:  EL1 North Wall (G.C10.E16)
Line  1935:  Window:  EL1 North Win (G.C10.E16.W1)
Line  1949:  Interior Wall:  EL1 Ceiling (G.C10.I24)
Line  1964:  Space:  EL1 WNW Perim Spc (G.WNW11)
Line  1993:  Underground Wall:  EL1 Flr (G.WNW11.U11)
Line  1998:  Exterior Wall:  EL1 West Wall (G.WNW11.E17)
Line  2004:  Window:  EL1 West Win (G.WNW11.E17.W1)
Line  2018:  Interior Wall:  EL1 South Wall (G.WNW11.I25)
Line  2024:  Interior Wall:  EL1 West Wall (G.WNW11.I26)
Line  2030:  Exterior Wall:  EL1 South Wall (G.WNW11.E18)
Line  2036:  Window:  EL1 South Win (G.WNW11.E18.W1)
Line  2050:  Interior Wall:  EL1 South Wall (G.WNW11.I27)
Line  2056:  Interior Wall:  EL1 East Wall (G.WNW11.I28)
Line  2062:  Interior Wall:  EL1 North Wall (G.WNW11.I29)
Line  2068:  Interior Wall:  EL1 East Wall (G.WNW11.I30)
Line  2074:  Exterior Wall:  EL1 North Wall (G.WNW11.E19)
Line  2080:  Window:  EL1 North Win (G.WNW11.E19.W1)
Line  2094:  Interior Wall:  EL1 Ceiling (G.WNW11.I31)
Line  2100:  Space:  EL1 Plnm (G.12)
Line  2112:  Exterior Wall:  EL1 West Wall (G.12.E20)
Line  2118:  Exterior Wall:  EL1 South Wall (G.12.E21)
Line  2124:  Exterior Wall:  EL1 West Wall (G.12.E22)
Line  2130:  Exterior Wall:  EL1 South Wall (G.12.E23)
Line  2136:  Exterior Wall:  EL1 East Wall (G.12.E24)
Line  2142:  Exterior Wall:  EL1 North Wall (G.12.E25)
Line  2148:  Exterior Wall:  EL1 East Wall (G.12.E26)
Line  2154:  Exterior Wall:  EL1 North Wall (G.12.E27)
Line  2160:  Exterior Wall:  EL1 Roof (G.12.E28)
Line  2182:  Floor:  EL2 Ground Flr
Line  2200:  Space:  EL2 SW Perim Spc (G.SW1)
Line  2229:  Interior Wall:  EL2 Flr (G.SW1.I1)
Line  2235:  Exterior Wall:  EL2 West Wall (G.SW1.E1)
Line  2241:  Window:  EL2 West Win (G.SW1.E1.W1)
Line  2255:  Exterior Wall:  EL2 South Wall (G.SW1.E2)
Line  2261:  Window:  EL2 South Win (G.SW1.E2.W1)
Line  2275:  Interior Wall:  EL2 North Wall (G.SW1.I2)
Line  2281:  Interior Wall:  EL2 Ceiling (G.SW1.I3)
Line  2294:  Space:  EL2 SSE Perim Spc (G.SSE2)
Line  2323:  Interior Wall:  EL2 Flr (G.SSE2.I4)
Line  2329:  Exterior Wall:  EL2 East Wall (G.SSE2.E3)
Line  2335:  Window:  EL2 East Win (G.SSE2.E3.W1)
Line  2349:  Exterior Wall:  EL2 North Wall (G.SSE2.E4)
Line  2355:  Window:  EL2 North Win (G.SSE2.E4.W1)
Line  2369:  Interior Wall:  EL2 West Wall (G.SSE2.I5)
Line  2375:  Exterior Wall:  EL2 South Wall (G.SSE2.E5)
Line  2381:  Window:  EL2 South Win (G.SSE2.E5.W1)
Line  2395:  Interior Wall:  EL2 Ceiling (G.SSE2.I6)
Line  2408:  Space:  EL2 East Perim Spc (G.E3)
Line  2437:  Interior Wall:  EL2 Flr (G.E3.I7)
Line  2443:  Exterior Wall:  EL2 East Wall (G.E3.E6)
Line  2449:  Window:  EL2 East Win (G.E3.E6.W1)
Line  2463:  Interior Wall:  EL2 North Wall (G.E3.I8)
Line  2469:  Interior Wall:  EL2 South Wall (G.E3.I9)
Line  2475:  Interior Wall:  EL2 Ceiling (G.E3.I10)
Line  2488:  Space:  EL2 ENE Perim Spc (G.ENE4)
Line  2517:  Interior Wall:  EL2 Flr (G.ENE4.I11)
Line  2523:  Exterior Wall:  EL2 North Wall (G.ENE4.E7)
Line  2529:  Window:  EL2 North Win (G.ENE4.E7.W1)
Line  2543:  Interior Wall:  EL2 West Wall (G.ENE4.I12)
Line  2549:  Interior Wall:  EL2 South Wall (G.ENE4.I13)
Line  2555:  Exterior Wall:  EL2 East Wall (G.ENE4.E8)
Line  2561:  Window:  EL2 East Win (G.ENE4.E8.W1)
Line  2575:  Interior Wall:  EL2 Ceiling (G.ENE4.I14)
Line  2588:  Space:  EL2 North Perim Spc (G.N5)
Line  2619:  Interior Wall:  EL2 Flr (G.N5.I15)
Line  2625:  Exterior Wall:  EL2 North Wall (G.N5.E9)
Line  2631:  Window:  EL2 North Win (G.N5.E9.W1)
Line  2645:  Interior Wall:  EL2 West Wall (G.N5.I16)
Line  2651:  Interior Wall:  EL2 South Wall (G.N5.I17)
Line  2657:  Interior Wall:  EL2 Ceiling (G.N5.I18)
Line  2670:  Space:  EL2 North Perim Spc (G.N6)
Line  2701:  Interior Wall:  EL2 Flr (G.N6.I19)
Line  2707:  Interior Wall:  EL2 South Wall (G.N6.I20)
Line  2713:  Exterior Wall:  EL2 North Wall (G.N6.E10)
Line  2719:  Window:  EL2 North Win (G.N6.E10.W1)
Line  2733:  Interior Wall:  EL2 Ceiling (G.N6.I21)
Line  2746:  Space:  EL2 North Perim Spc (G.N7)
Line  2777:  Interior Wall:  EL2 Flr (G.N7.I22)
Line  2783:  Exterior Wall:  EL2 North Wall (G.N7.E11)
Line  2789:  Window:  EL2 North Win (G.N7.E11.W1)
Line  2803:  Interior Wall:  EL2 West Wall (G.N7.I23)
Line  2809:  Interior Wall:  EL2 South Wall (G.N7.I24)
Line  2815:  Interior Wall:  EL2 Ceiling (G.N7.I25)
Line  2828:  Space:  EL2 North Perim Spc (G.N8)
Line  2859:  Interior Wall:  EL2 Flr (G.N8.I26)
Line  2865:  Exterior Wall:  EL2 North Wall (G.N8.E12)
Line  2871:  Window:  EL2 North Win (G.N8.E12.W1)
Line  2885:  Interior Wall:  EL2 South Wall (G.N8.I27)
Line  2891:  Interior Wall:  EL2 Ceiling (G.N8.I28)
Line  2908:  Space:  EL2 WSW Perim Spc (G.WSW9)
Line  2937:  Interior Wall:  EL2 Flr (G.WSW9.I29)
Line  2943:  Exterior Wall:  EL2 West Wall (G.WSW9.E13)
Line  2949:  Window:  EL2 West Win (G.WSW9.E13.W1)
Line  2963:  Exterior Wall:  EL2 South Wall (G.WSW9.E14)
Line  2969:  Window:  EL2 South Win (G.WSW9.E14.W1)
Line  2983:  Interior Wall:  EL2 South Wall (G.WSW9.I30)
Line  2989:  Interior Wall:  EL2 East Wall (G.WSW9.I31)
Line  2995:  Interior Wall:  EL2 North Wall (G.WSW9.I32)
Line  3001:  Interior Wall:  EL2 East Wall (G.WSW9.I33)
Line  3007:  Exterior Wall:  EL2 North Wall (G.WSW9.E15)
Line  3013:  Window:  EL2 North Win (G.WSW9.E15.W1)
Line  3027:  Interior Wall:  EL2 Ceiling (G.WSW9.I34)
Line  3040:  Space:  EL2 Core Spc (G.C10)
Line  3067:  Interior Wall:  EL2 Flr (G.C10.I35)
Line  3073:  Interior Wall:  EL2 West Wall (G.C10.I36)
Line  3079:  Exterior Wall:  EL2 East Wall (G.C10.E16)
Line  3085:  Window:  EL2 East Win (G.C10.E16.W1)
Line  3099:  Interior Wall:  EL2 East Wall (G.C10.I37)
Line  3105:  Exterior Wall:  EL2 North Wall (G.C10.E17)
Line  3111:  Window:  EL2 North Win (G.C10.E17.W1)
Line  3125:  Interior Wall:  EL2 Ceiling (G.C10.I38)
Line  3131:  Space:  EL2 Plnm (G.11)
Line  3143:  Exterior Wall:  EL2 West Wall (G.11.E18)
Line  3149:  Exterior Wall:  EL2 South Wall (G.11.E19)
Line  3155:  Exterior Wall:  EL2 West Wall (G.11.E20)
Line  3161:  Exterior Wall:  EL2 South Wall (G.11.E21)
Line  3167:  Exterior Wall:  EL2 East Wall (G.11.E22)
Line  3173:  Exterior Wall:  EL2 North Wall (G.11.E23)
Line  3179:  Exterior Wall:  EL2 East Wall (G.11.E24)
Line  3185:  Exterior Wall:  EL2 North Wall (G.11.E25)
Line  3191:  Exterior Wall:  EL2 Roof (G.11.E26)
Line  3209:  Master Meters:  MASTER-METERS 1
Line  3215:  Circulation Loop:  DHW Plant 1 Loop (1)
Line  3223:  HVAC System:  EL1 Sys1 (PSZ)
Line  3257:  Thermal Zone:  EL1 SW Perim Zn (G.SW1)
Line  3269:  Thermal Zone:  EL1 SW Perim Zn (G.SW2)
Line  3281:  Thermal Zone:  EL1 SSE Perim Zn (G.SSE3)
Line  3293:  Thermal Zone:  EL1 East Perim Zn (G.E4)
Line  3305:  Thermal Zone:  EL1 ENE Perim Zn (G.ENE5)
Line  3317:  Thermal Zone:  EL1 North Perim Zn (G.N6)
Line  3329:  Thermal Zone:  EL1 North Perim Zn (G.N7)
Line  3341:  Thermal Zone:  EL1 North Perim Zn (G.N8)
Line  3353:  Thermal Zone:  EL1 North Perim Zn (G.N9)
Line  3365:  Thermal Zone:  EL1 Core Zn (G.C10)
Line  3377:  Thermal Zone:  EL1 WNW Perim Zn (G.WNW11)
Line  3389:  Thermal Zone:  EL1 Pl Zn (G.12)
Line  3397:  HVAC System:  EL2 Sys1 (PSZ)
Line  3431:  Thermal Zone:  EL2 SW Perim Zn (G.SW1)
Line  3443:  Thermal Zone:  EL2 SSE Perim Zn (G.SSE2)
Line  3455:  Thermal Zone:  EL2 East Perim Zn (G.E3)
Line  3467:  Thermal Zone:  EL2 ENE Perim Zn (G.ENE4)
Line  3479:  Thermal Zone:  EL2 North Perim Zn (G.N5)
Line  3491:  Thermal Zone:  EL2 North Perim Zn (G.N6)
Line  3503:  Thermal Zone:  EL2 North Perim Zn (G.N7)
Line  3515:  Thermal Zone:  EL2 North Perim Zn (G.N8)
Line  3527:  Thermal Zone:  EL2 WSW Perim Zn (G.WSW9)
Line  3539:  Thermal Zone:  EL2 Core Zn (G.C10)
Line  3551:  Thermal Zone:  EL2 Pl Zn (G.11)
Line  3559:  DW Heater:  DHW Plant 1 Wtr Htr (1)
Line  3575:  Day Schedule:  Cust 1 Elec Seas1 Day
Line  3580:  Week Schedule:  Cust 1 Elec Seas1 Week
Line  3585:  Annual Schedule:  Cust 1 Elec Season Sched
Line  3592:  Block Charge:  Cust 1 Elec Uniform Blk1
Line  3600:  Utility Rate:  Custom Elec Rate
Line  3605:  Loads Report
Line  3609:  Systems Report
Line  3613:  Plant Report
Line  3617:  Economics Report
Line  3622:  Hourly Report:  Hourly Report
Line  3626:  End



Counts of BDL Components:
-------------------------
     15 - Annual Schedule
     27 - Week Schedule
     36 - Day Schedule
      1 - Site Parameters
     18 - Construction
      1 - Glass Type
     23 - Space
     54 - Exterior Wall
     39 - Window
     69 - Interior Wall
     11 - Underground Wall
    229 - Set Default
      1 - Loads Report
     14 - Layers
     21 - Material
      2 - Hourly Report Block
      1 - Hourly Report
      1 - Title
      1 - Run Period
      2 - Diagnostic
      3 - End
      1 - Project Data
      1 - BDL Tables
      3 - Door
     23 - Weighting Factor
      1 - Holidays
     31 - Polygon
      2 - Floor
      1 - Building Parameters
      2 - HVAC System
     23 - Thermal Zone
      1 - Systems Report
      9 - Curve Fit
      1 - Circulation Loop
      1 - DW Heater
      1 - Electric Meter
      1 - Fuel Meter
      1 - Master Meters
      1 - Plant Report
      1 - Baseline
      1 - Economics Report
      1 - Utility Rate
      1 - Block Charge
      1 - Compliance Data
